<html>
<body>
<pre>
<h1>µVision Build Log</h1>
<h2>Tool Versions:</h2>
IDE-Version: ¦ÌVision V5.21.1.0
Copyright (C) 2016 ARM Ltd and ARM Germany GmbH. All rights reserved.
License Information: 1 2, 3, LIC=KRMQD-8MPE4-UGU7Q-N9V7I-D5AIX-A9TU7
 
Tool Versions:
Toolchain:       MDK-ARM Plus  Version: 5.21a
Toolchain Path:  C:\Keil_v5\ARM\ARMCC\Bin
C Compiler:      Armcc.exe V5.06 update 3 (build 300)
Assembler:       Armasm.exe V5.06 update 3 (build 300)
Linker/Locator:  ArmLink.exe V5.06 update 3 (build 300)
Library Manager: ArmAr.exe V5.06 update 3 (build 300)
Hex Converter:   FromElf.exe V5.06 update 3 (build 300)
CPU DLL:         SARMCM3.DLL V5.21a
Dialog DLL:      DCM.DLL V1.13.8.0
Target DLL:      CMSIS_AGDI.dll V1.26.5.0
Dialog DLL:      TCM.DLL V1.14.14.0
 
<h2>Project:</h2>
C:\Users\Aero\Documents\NEU_Coreboard_RE\NEU_Coreboard.uvprojx
Project File Date:  09/30/2018

<h2>Output:</h2>
*** Using Compiler 'V5.06 update 3 (build 300)', folder: 'C:\Keil_v5\ARM\ARMCC\Bin'
Build target 'NEU_Coreboard'
compiling main.c...
.\Drivers\usart2.h(100): warning:  #1-D: last line of file ends without a newline
  #endif 
.\Modules\serialprint.h(16): warning:  #1-D: last line of file ends without a newline
  #endif
USR\main.c: 2 warnings, 0 errors
compiling usart2.c...
Drivers\usart2.h(100): warning:  #1-D: last line of file ends without a newline
  #endif 
Drivers\usart2.c(72): warning:  #223-D: function "printf" declared implicitly
  			printf("Received data is %c\n",USART_RX_TEST);		
Drivers\usart2.c(86): warning:  #1-D: last line of file ends without a newline
  #endif
Drivers\usart2.c: 3 warnings, 0 errors
linking...
Program Size: Code=2376 RO-data=424 RW-data=24 ZI-data=1024  
".\Objects\NEU_Coreboard.axf" - 0 Error(s), 5 Warning(s).

<h2>Collection of Component include folders:</h2>
  C:\Users\Aero\Documents\NEU_Coreboard_RE\RTE
  C:\Keil_v5\ARM\PACK\Keil\STM32F4xx_DFP\2.11.0\Drivers\CMSIS\Device\ST\STM32F4xx\Include

<h2>Collection of Component Files used:</h2>
Build Time Elapsed:  00:00:01
</pre>
</body>
</html>
